{
  "validation_rules": {
    "status_code": 400,
    "content_type": "application/json",
    "headers": {},
    "response_structure": {
      "error": "string",
      "code": "string",
      "message": "string"
    },
    "allow_additional_fields": true
  },
  "exact_matches": {},
  "range_validations": {},
  "array_validations": {},
  "pattern_validations": {
    "error": "validation|invalid|format",
    "code": "INVALID_REQUEST|VALIDATION_ERROR|BAD_REQUEST"
  }
}