{
  "validation_rules": {
    "status_code": 200,
    "content_type": "application/json",
    "headers": {},
    "response_structure": {
      "status": "string",
      "version": "string",
      "uptime_seconds": "number",
      "engine_stats": "object",
      "timestamp": "string"
    },
    "allow_additional_fields": false
  },
  "exact_matches": {
    "status": "healthy",
    "version": "1.0.0"
  },
  "range_validations": {
    "uptime_seconds": {"min": 0, "max": 3600, "inclusive": true}
  },
  "pattern_validations": {
    "timestamp": "\\d{4}-\\d{2}-\\d{2}T\\d{2}:\\d{2}:\\d{2}"
  }
}