{
  "validation_rules": {
    "status_code": 400,
    "content_type": "application/json",
    "headers": {},
    "response_structure": {
      "code": "string",
      "message": "string",
      "timestamp": "string"
    },
    "allow_additional_fields": true
  },
  "exact_matches": {
    "code": "SECURITY_VALIDATION_ERROR"
  },
  "pattern_validations": {
    "message": ".*security.*",
    "timestamp": "\\d{4}-\\d{2}-\\d{2}T\\d{2}:\\d{2}:\\d{2}"
  }
}