{
  "validation_rules": {
    "status_code": 200,
    "response_structure": {
      "new_facts": "array"
    }
  },
  "array_validations": {
    "new_facts": {
      "min_length": 5,
      "max_length": 5,
      "item_structure": {
        "data": {
          "entity_type": "string"
        }
      },
      "item_subset_matches": [
        {
          "data.entity_type": "employee_allocation",
          "data.employee_id": "emp_A",
          "data.allocation_amount": 146.15
        },
        {
          "data.entity_type": "employee_allocation",
          "data.employee_id": "emp_B",
          "data.allocation_amount": 109.62
        },
        {
          "data.entity_type": "employee_allocation",
          "data.employee_id": "emp_C",
          "data.allocation_amount": 219.23
        }
      ]
    }
  },
  "range_validations": {
    "processing_time_ms": {
      "min": 0,
      "max": 1000
    }
  }
}