{
  "validation_rules": {
    "status_code": 200,
    "content_type": "application/json",
    "headers": {
      "x-request-id": "exists"
    },
    "response_structure": {
      "request_id": "string",
      "results": "array",
      "rules_processed": "number",
      "facts_processed": "number",
      "rules_fired": "number",
      "processing_time_ms": "number",
      "stats": "object"
    },
    "allow_additional_fields": true
  },
  "exact_matches": {
    "facts_processed": 2,
    "rules_processed": 1,
    "rules_fired": 2
  },
  "range_validations": {
    "processing_time_ms": {"min": 0, "max": 2000, "inclusive": true}
  },
  "array_validations": {
    "results": {
      "min_length": 2,
      "max_length": 2,
      "item_structure": {
        "id": "string",
        "data": "object"
      }
    }
  },
  "pattern_validations": {}
}