{
  "validation_rules": {
    "status_code": 201,
    "content_type": "application/json",
    "headers": {},
    "response_structure": {
      "ruleset_id": "string",
      "ruleset_hash": "string", 
      "compiled": "boolean",
      "rule_count": "number",
      "compilation_time_ms": "number",
      "ttl_seconds": "number",
      "registered_at": "string"
    },
    "allow_additional_fields": false
  },
  "exact_matches": {
    "ruleset_id": "payroll-rules-v1",
    "compiled": true,
    "rule_count": 1,
    "ttl_seconds": 3600
  },
  "range_validations": {
    "compilation_time_ms": {"min": 0, "max": 1000, "inclusive": true}
  },
  "pattern_validations": {
    "ruleset_hash": "^[a-zA-Z0-9-]+$",
    "registered_at": "\\d{4}-\\d{2}-\\d{2}T\\d{2}:\\d{2}:\\d{2}"
  }
}